// Jest Snapshot v1, https://goo.gl/fbAQLP

exports[`Map Component: snapshot renders with multiple item 1`] = `
<div
  className="mapFrame"
>
  <canvas
    height={600}
    id="map"
    onClick={[Function]}
    style={
      Object {
        "backgroundImage": "url(null)",
        "cursor": "url(undefined),auto",
      }
    }
    width={900}
  />
</div>
`;
